/Users/michaelbrusegard/Developer/NTNU/Operativsystemer/lab3/./test-lab-l3:12: SyntaxWarning: invalid escape sequence '\:'
  r.match("Usage\: vatopa virtual_address \[pid\]")
/Users/michaelbrusegard/Developer/NTNU/Operativsystemer/lab3/./test-lab-l3:47: SyntaxWarning: invalid escape sequence '\['
  "^\[prnt\] v1 --> (\d+)$",
/Users/michaelbrusegard/Developer/NTNU/Operativsystemer/lab3/./test-lab-l3:48: SyntaxWarning: invalid escape sequence '\['
  "^\[prnt\] v4 --> (\d+)$",
/Users/michaelbrusegard/Developer/NTNU/Operativsystemer/lab3/./test-lab-l3:52: SyntaxWarning: invalid escape sequence '\['
  "^\[prnt\] v3 --> (\d+)$",
/Users/michaelbrusegard/Developer/NTNU/Operativsystemer/lab3/./test-lab-l3:53: SyntaxWarning: invalid escape sequence '\['
  "^\[chld\] v2 --> (\d+)$",
/Users/michaelbrusegard/Developer/NTNU/Operativsystemer/lab3/./test-lab-l3:64: SyntaxWarning: invalid escape sequence '\['
  "^\[prnt\] v1 --> (\d+)$",
/Users/michaelbrusegard/Developer/NTNU/Operativsystemer/lab3/./test-lab-l3:65: SyntaxWarning: invalid escape sequence '\['
  "^\[prnt\] v5 --> (\d+)$",
/Users/michaelbrusegard/Developer/NTNU/Operativsystemer/lab3/./test-lab-l3:69: SyntaxWarning: invalid escape sequence '\['
  "^\[prnt\] v2 --> (\d+)$",
/Users/michaelbrusegard/Developer/NTNU/Operativsystemer/lab3/./test-lab-l3:70: SyntaxWarning: invalid escape sequence '\['
  "^\[chld\] v3 --> (\d+)$",
/Users/michaelbrusegard/Developer/NTNU/Operativsystemer/lab3/./test-lab-l3:74: SyntaxWarning: invalid escape sequence '\['
  "^\[chld\] v4 --> (\d+)$",
/Users/michaelbrusegard/Developer/NTNU/Operativsystemer/lab3/./test-lab-l3:75: SyntaxWarning: invalid escape sequence '\['
  "^\[chld\] v3 --> (\d+)$",
/Users/michaelbrusegard/Developer/NTNU/Operativsystemer/lab3/./test-lab-l3:79: SyntaxWarning: invalid escape sequence '\['
  "^\[chld\] read global_var, global_var=0$",
/Users/michaelbrusegard/Developer/NTNU/Operativsystemer/lab3/./test-lab-l3:89: SyntaxWarning: invalid escape sequence '\['
  "^\[prnt\] v1 --> (\d+)$",
/Users/michaelbrusegard/Developer/NTNU/Operativsystemer/lab3/./test-lab-l3:90: SyntaxWarning: invalid escape sequence '\['
  "^\[prnt\] v6 --> (\d+)$",
/Users/michaelbrusegard/Developer/NTNU/Operativsystemer/lab3/./test-lab-l3:94: SyntaxWarning: invalid escape sequence '\['
  "^\[prnt\] v2 --> (\d+)$",
/Users/michaelbrusegard/Developer/NTNU/Operativsystemer/lab3/./test-lab-l3:95: SyntaxWarning: invalid escape sequence '\['
  "^\[prnt\] v3 --> (\d+)$",
/Users/michaelbrusegard/Developer/NTNU/Operativsystemer/lab3/./test-lab-l3:99: SyntaxWarning: invalid escape sequence '\['
  "^\[prnt\] v3 --> (\d+)$",
/Users/michaelbrusegard/Developer/NTNU/Operativsystemer/lab3/./test-lab-l3:100: SyntaxWarning: invalid escape sequence '\['
  "^\[chld\] v4 --> (\d+)$",
/Users/michaelbrusegard/Developer/NTNU/Operativsystemer/lab3/./test-lab-l3:104: SyntaxWarning: invalid escape sequence '\['
  "^\[chld\] v4 --> (\d+)$",
/Users/michaelbrusegard/Developer/NTNU/Operativsystemer/lab3/./test-lab-l3:105: SyntaxWarning: invalid escape sequence '\['
  "^\[chld\] v5 --> (\d+)$",
/Users/michaelbrusegard/Developer/NTNU/Operativsystemer/lab3/./test-lab-l3:109: SyntaxWarning: invalid escape sequence '\['
  "^\[chld\] modified global_var, global_var=100$",
/Users/michaelbrusegard/Developer/NTNU/Operativsystemer/lab3/./test-lab-l3:112: SyntaxWarning: invalid escape sequence '\['
  "^\[prnt\] read global_var, global_var=0$",
/Users/michaelbrusegard/Developer/NTNU/Operativsystemer/lab3/./test-lab-l3:122: SyntaxWarning: invalid escape sequence '\['
  "^\[prnt\] v1 --> (\d+)$",
/Users/michaelbrusegard/Developer/NTNU/Operativsystemer/lab3/./test-lab-l3:123: SyntaxWarning: invalid escape sequence '\['
  "^\[prnt\] v7 --> (\d+)$",
/Users/michaelbrusegard/Developer/NTNU/Operativsystemer/lab3/./test-lab-l3:127: SyntaxWarning: invalid escape sequence '\['
  "^\[prnt\] v2 --> (\d+)$",
/Users/michaelbrusegard/Developer/NTNU/Operativsystemer/lab3/./test-lab-l3:128: SyntaxWarning: invalid escape sequence '\['
  "^\[prnt\] v3 --> (\d+)$",
/Users/michaelbrusegard/Developer/NTNU/Operativsystemer/lab3/./test-lab-l3:132: SyntaxWarning: invalid escape sequence '\['
  "^\[chld\] global_array\[0\] --> (\d+)$",
/Users/michaelbrusegard/Developer/NTNU/Operativsystemer/lab3/./test-lab-l3:133: SyntaxWarning: invalid escape sequence '\['
  "^\[prnt\] global_array\[0\] --> (\d+)$",
/Users/michaelbrusegard/Developer/NTNU/Operativsystemer/lab3/./test-lab-l3:137: SyntaxWarning: invalid escape sequence '\['
  "^\[chld\] pa1 --> 0x([0-9a-fA-F]+)$",
/Users/michaelbrusegard/Developer/NTNU/Operativsystemer/lab3/./test-lab-l3:138: SyntaxWarning: invalid escape sequence '\['
  "^\[chld\] pa2 --> 0x([0-9a-fA-F]+)$",
/Users/michaelbrusegard/Developer/NTNU/Operativsystemer/lab3/./test-lab-l3:139: SyntaxWarning: invalid escape sequence '\['
  "^\[prnt\] pa3 --> 0x([0-9a-fA-F]+)$",
/Users/michaelbrusegard/Developer/NTNU/Operativsystemer/lab3/./test-lab-l3:146: SyntaxWarning: invalid escape sequence '\['
  "^\[prnt\] v3 --> (\d+)$",
/Users/michaelbrusegard/Developer/NTNU/Operativsystemer/lab3/./test-lab-l3:147: SyntaxWarning: invalid escape sequence '\['
  "^\[chld\] v4 --> (\d+)$",
/Users/michaelbrusegard/Developer/NTNU/Operativsystemer/lab3/./test-lab-l3:151: SyntaxWarning: invalid escape sequence '\['
  "^\[prnt\] v3 --> (\d+)$",
/Users/michaelbrusegard/Developer/NTNU/Operativsystemer/lab3/./test-lab-l3:152: SyntaxWarning: invalid escape sequence '\['
  "^\[chld\] v5 --> (\d+)$",
/Users/michaelbrusegard/Developer/NTNU/Operativsystemer/lab3/./test-lab-l3:156: SyntaxWarning: invalid escape sequence '\['
  "^\[chld\] v5 --> (\d+)$",
/Users/michaelbrusegard/Developer/NTNU/Operativsystemer/lab3/./test-lab-l3:157: SyntaxWarning: invalid escape sequence '\['
  "^\[chld\] v6 --> (\d+)$",
/Users/michaelbrusegard/Developer/NTNU/Operativsystemer/lab3/./test-lab-l3:161: SyntaxWarning: invalid escape sequence '\['
  "^\[chld\] modified one element in the 1st page, global_array\[0\]=222$",
/Users/michaelbrusegard/Developer/NTNU/Operativsystemer/lab3/./test-lab-l3:164: SyntaxWarning: invalid escape sequence '\['
  "^\[chld\] modified two elements in the 2nd page, global_array\[2047\]=333$",
/Users/michaelbrusegard/Developer/NTNU/Operativsystemer/lab3/./test-lab-l3:167: SyntaxWarning: invalid escape sequence '\['
  "^\[prnt\] modified one element in the 1st page, global_array\[0\]=111$",
riscv64-unknown-elf-gcc    -c -o kernel/entry.o kernel/entry.S
riscv64-unknown-elf-gcc -Wall -Werror -O -fno-omit-frame-pointer -ggdb -gdwarf-2 -MD -mcmodel=medany -ffreestanding -fno-common -nostdlib -mno-relax -I. -fno-stack-protector -fno-pie -no-pie   -c -o kernel/start.o kernel/start.c
riscv64-unknown-elf-gcc -Wall -Werror -O -fno-omit-frame-pointer -ggdb -gdwarf-2 -MD -mcmodel=medany -ffreestanding -fno-common -nostdlib -mno-relax -I. -fno-stack-protector -fno-pie -no-pie   -c -o kernel/console.o kernel/console.c
riscv64-unknown-elf-gcc -Wall -Werror -O -fno-omit-frame-pointer -ggdb -gdwarf-2 -MD -mcmodel=medany -ffreestanding -fno-common -nostdlib -mno-relax -I. -fno-stack-protector -fno-pie -no-pie   -c -o kernel/printf.o kernel/printf.c
riscv64-unknown-elf-gcc -Wall -Werror -O -fno-omit-frame-pointer -ggdb -gdwarf-2 -MD -mcmodel=medany -ffreestanding -fno-common -nostdlib -mno-relax -I. -fno-stack-protector -fno-pie -no-pie   -c -o kernel/uart.o kernel/uart.c
riscv64-unknown-elf-gcc -Wall -Werror -O -fno-omit-frame-pointer -ggdb -gdwarf-2 -MD -mcmodel=medany -ffreestanding -fno-common -nostdlib -mno-relax -I. -fno-stack-protector -fno-pie -no-pie   -c -o kernel/kalloc.o kernel/kalloc.c
riscv64-unknown-elf-gcc -Wall -Werror -O -fno-omit-frame-pointer -ggdb -gdwarf-2 -MD -mcmodel=medany -ffreestanding -fno-common -nostdlib -mno-relax -I. -fno-stack-protector -fno-pie -no-pie   -c -o kernel/spinlock.o kernel/spinlock.c
riscv64-unknown-elf-gcc -Wall -Werror -O -fno-omit-frame-pointer -ggdb -gdwarf-2 -MD -mcmodel=medany -ffreestanding -fno-common -nostdlib -mno-relax -I. -fno-stack-protector -fno-pie -no-pie   -c -o kernel/string.o kernel/string.c
riscv64-unknown-elf-gcc -Wall -Werror -O -fno-omit-frame-pointer -ggdb -gdwarf-2 -MD -mcmodel=medany -ffreestanding -fno-common -nostdlib -mno-relax -I. -fno-stack-protector -fno-pie -no-pie   -c -o kernel/main.o kernel/main.c
riscv64-unknown-elf-gcc -Wall -Werror -O -fno-omit-frame-pointer -ggdb -gdwarf-2 -MD -mcmodel=medany -ffreestanding -fno-common -nostdlib -mno-relax -I. -fno-stack-protector -fno-pie -no-pie   -c -o kernel/vm.o kernel/vm.c
riscv64-unknown-elf-gcc -Wall -Werror -O -fno-omit-frame-pointer -ggdb -gdwarf-2 -MD -mcmodel=medany -ffreestanding -fno-common -nostdlib -mno-relax -I. -fno-stack-protector -fno-pie -no-pie   -c -o kernel/proc.o kernel/proc.c
riscv64-unknown-elf-gcc    -c -o kernel/swtch.o kernel/swtch.S
riscv64-unknown-elf-gcc    -c -o kernel/trampoline.o kernel/trampoline.S
riscv64-unknown-elf-gcc -Wall -Werror -O -fno-omit-frame-pointer -ggdb -gdwarf-2 -MD -mcmodel=medany -ffreestanding -fno-common -nostdlib -mno-relax -I. -fno-stack-protector -fno-pie -no-pie   -c -o kernel/trap.o kernel/trap.c
riscv64-unknown-elf-gcc -Wall -Werror -O -fno-omit-frame-pointer -ggdb -gdwarf-2 -MD -mcmodel=medany -ffreestanding -fno-common -nostdlib -mno-relax -I. -fno-stack-protector -fno-pie -no-pie   -c -o kernel/syscall.o kernel/syscall.c
riscv64-unknown-elf-gcc -Wall -Werror -O -fno-omit-frame-pointer -ggdb -gdwarf-2 -MD -mcmodel=medany -ffreestanding -fno-common -nostdlib -mno-relax -I. -fno-stack-protector -fno-pie -no-pie   -c -o kernel/sysproc.o kernel/sysproc.c
riscv64-unknown-elf-gcc -Wall -Werror -O -fno-omit-frame-pointer -ggdb -gdwarf-2 -MD -mcmodel=medany -ffreestanding -fno-common -nostdlib -mno-relax -I. -fno-stack-protector -fno-pie -no-pie   -c -o kernel/bio.o kernel/bio.c
riscv64-unknown-elf-gcc -Wall -Werror -O -fno-omit-frame-pointer -ggdb -gdwarf-2 -MD -mcmodel=medany -ffreestanding -fno-common -nostdlib -mno-relax -I. -fno-stack-protector -fno-pie -no-pie   -c -o kernel/fs.o kernel/fs.c
riscv64-unknown-elf-gcc -Wall -Werror -O -fno-omit-frame-pointer -ggdb -gdwarf-2 -MD -mcmodel=medany -ffreestanding -fno-common -nostdlib -mno-relax -I. -fno-stack-protector -fno-pie -no-pie   -c -o kernel/log.o kernel/log.c
riscv64-unknown-elf-gcc -Wall -Werror -O -fno-omit-frame-pointer -ggdb -gdwarf-2 -MD -mcmodel=medany -ffreestanding -fno-common -nostdlib -mno-relax -I. -fno-stack-protector -fno-pie -no-pie   -c -o kernel/sleeplock.o kernel/sleeplock.c
riscv64-unknown-elf-gcc -Wall -Werror -O -fno-omit-frame-pointer -ggdb -gdwarf-2 -MD -mcmodel=medany -ffreestanding -fno-common -nostdlib -mno-relax -I. -fno-stack-protector -fno-pie -no-pie   -c -o kernel/file.o kernel/file.c
riscv64-unknown-elf-gcc -Wall -Werror -O -fno-omit-frame-pointer -ggdb -gdwarf-2 -MD -mcmodel=medany -ffreestanding -fno-common -nostdlib -mno-relax -I. -fno-stack-protector -fno-pie -no-pie   -c -o kernel/pipe.o kernel/pipe.c
riscv64-unknown-elf-gcc -Wall -Werror -O -fno-omit-frame-pointer -ggdb -gdwarf-2 -MD -mcmodel=medany -ffreestanding -fno-common -nostdlib -mno-relax -I. -fno-stack-protector -fno-pie -no-pie   -c -o kernel/exec.o kernel/exec.c
riscv64-unknown-elf-gcc -Wall -Werror -O -fno-omit-frame-pointer -ggdb -gdwarf-2 -MD -mcmodel=medany -ffreestanding -fno-common -nostdlib -mno-relax -I. -fno-stack-protector -fno-pie -no-pie   -c -o kernel/sysfile.o kernel/sysfile.c
riscv64-unknown-elf-gcc    -c -o kernel/kernelvec.o kernel/kernelvec.S
riscv64-unknown-elf-gcc -Wall -Werror -O -fno-omit-frame-pointer -ggdb -gdwarf-2 -MD -mcmodel=medany -ffreestanding -fno-common -nostdlib -mno-relax -I. -fno-stack-protector -fno-pie -no-pie   -c -o kernel/plic.o kernel/plic.c
riscv64-unknown-elf-gcc -Wall -Werror -O -fno-omit-frame-pointer -ggdb -gdwarf-2 -MD -mcmodel=medany -ffreestanding -fno-common -nostdlib -mno-relax -I. -fno-stack-protector -fno-pie -no-pie   -c -o kernel/virtio_disk.o kernel/virtio_disk.c
riscv64-unknown-elf-gcc -Wall -Werror -O -fno-omit-frame-pointer -ggdb -gdwarf-2 -MD -mcmodel=medany -ffreestanding -fno-common -nostdlib -mno-relax -I. -fno-stack-protector -fno-pie -no-pie -march=rv64g -nostdinc -I. -Ikernel -c user/initcode.S -o user/initcode.o
riscv64-unknown-elf-ld -z max-page-size=4096 -N -e start -Ttext 0 -o user/initcode.out user/initcode.o
riscv64-unknown-elf-ld: warning: user/initcode.out has a LOAD segment with RWX permissions
riscv64-unknown-elf-objcopy -S -O binary user/initcode.out user/initcode
riscv64-unknown-elf-objdump -S user/initcode.o > user/initcode.asm
riscv64-unknown-elf-ld -z max-page-size=4096 -T kernel/kernel.ld -o kernel/kernel kernel/entry.o kernel/start.o kernel/console.o kernel/printf.o kernel/uart.o kernel/kalloc.o kernel/spinlock.o kernel/string.o kernel/main.o kernel/vm.o kernel/proc.o kernel/swtch.o kernel/trampoline.o kernel/trap.o kernel/syscall.o kernel/sysproc.o kernel/bio.o kernel/fs.o kernel/log.o kernel/sleeplock.o kernel/file.o kernel/pipe.o kernel/exec.o kernel/sysfile.o kernel/kernelvec.o kernel/plic.o kernel/virtio_disk.o 
riscv64-unknown-elf-ld: warning: kernel/kernel has a LOAD segment with RWX permissions
riscv64-unknown-elf-objdump -S kernel/kernel > kernel/kernel.asm
riscv64-unknown-elf-objdump -t kernel/kernel | sed '1,/SYMBOL TABLE/d; s/ .* / /; /^$/d' > kernel/kernel.sym
== Test [MANDATORY] vatopa exists == 
$ make qemu-gdb
[MANDATORY] vatopa exists: [32mOK[0m (4.0s) 
== Test [MANDATORY] vatopa 0 == 
$ make qemu-gdb
[MANDATORY] vatopa 0: [32mOK[0m (0.3s) 
== Test [MANDATORY] vatopa 0 1 matches == 
$ make qemu-gdb
[32m			Matching OK[0m
[MANDATORY] vatopa 0 1 matches: [32mOK[0m (1.2s) 
== Test [MANDATORY] cowtest no crash == 
$ make qemu-gdb
[MANDATORY] cowtest no crash: [32mOK[0m (6.2s) 
== Test [MANDATORY] cowtest 1 match addresses == 
$ make qemu-gdb
[32m			Matching OK[0m
[32m			Matching OK[0m
[MANDATORY] cowtest 1 match addresses: [32mOK[0m (5.6s) 
== Test [MANDATORY] cowtest 2 match addresses == 
$ make qemu-gdb
[32m			Matching OK[0m
[32m			Matching OK[0m
[32m			Matching OK[0m
[MANDATORY] cowtest 2 match addresses: [32mOK[0m (5.6s) 
== Test [MANDATORY] cowtest 3 match addresses == 
$ make qemu-gdb
[32m			Matching OK[0m
[32m			Matching OK[0m
[32m			Matching OK[0m
[32m			Matching OK[0m
[MANDATORY] cowtest 3 match addresses: [32mOK[0m (5.6s) 
== Test [MANDATORY] cowtest 4 match addresses == 
$ make qemu-gdb
[32m			Matching OK[0m
[32m			Matching OK[0m
[32m			Matching OK[0m
[32m			Matching OK[0m
[32m			Matching OK[0m
[32m			Matching OK[0m
[32m			Matching OK[0m
[MANDATORY] cowtest 4 match addresses: [32mOK[0m (5.7s) 
Passed 8 out of 8 tests
